[2025-11-21T19:06:25.806004+01:00] name.INFO: Usuario admin se ha logeado [] []
[2025-11-21T19:06:28.264941+01:00] name.INFO: INCIDENCIA id:1 RESUELTA. RESOLUCION: sin resolver123123 [] []
[2025-11-21T19:06:31.575290+01:00] name.INFO: INCIDENCIA id:2 RESUELTA. RESOLUCION: sin resolver123123 [] []
[2025-11-21T19:06:36.245840+01:00] name.INFO: BBDD resetada con exito [] []
[2025-11-21T19:08:17.866075+01:00] name.INFO: Usuario  deslogueado [] []
[2025-11-21T19:09:36.252994+01:00] name.INFO: Usuario admin se ha logeado [] []
[2025-11-21T19:20:01.638704+01:00] name.ERROR: ERROR al lanzar la consulta SELECT * FROM incidencia ORDER BY propietario [] []
[2025-11-21T19:20:01.640317+01:00] name.ERROR: ERROR: SQLSTATE[42S22]: Column not found: 1054 Unknown column 'propietario' in 'order clause' [] []
[2025-11-21T19:20:39.979930+01:00] name.ERROR: ERROR al lanzar la consulta SELECT * FROM incidencia ORDER BY propietario [] []
[2025-11-21T19:20:39.984986+01:00] name.ERROR: ERROR: SQLSTATE[42S22]: Column not found: 1054 Unknown column 'propietario' in 'order clause' [] []
[2025-11-21T19:21:05.610872+01:00] name.ERROR: ERROR al lanzar la consulta SELECT * FROM incidencia ORDER BY propietario [] []
[2025-11-21T19:21:05.613794+01:00] name.ERROR: ERROR: SQLSTATE[42S22]: Column not found: 1054 Unknown column 'propietario' in 'order clause' [] []
[2025-11-21T19:23:04.600700+01:00] name.INFO: Usuario deslogueado [] []
[2025-11-21T19:23:09.359992+01:00] name.INFO: Usuario Son Goku se ha logeado [] []
[2025-11-21T19:23:10.733023+01:00] name.ERROR: ERROR al lanzar la consulta SELECT * FROM incidencia WHERE id_usuario = 2 ORDER BY titulo [] []
[2025-11-21T19:23:10.734947+01:00] name.ERROR: ERROR: SQLSTATE[HY093]: Invalid parameter number: number of bound variables does not match number of tokens [] []
[2025-11-21T19:23:27.035973+01:00] name.ERROR: ERROR al lanzar la consulta SELECT * FROM incidencia WHERE id_usuario = 2 ORDER BY nivel [] []
[2025-11-21T19:23:27.037050+01:00] name.ERROR: ERROR: SQLSTATE[HY093]: Invalid parameter number: number of bound variables does not match number of tokens [] []
[2025-11-21T19:24:55.852306+01:00] name.INFO: Usuario deslogueado [] []
[2025-11-21T19:25:00.723008+01:00] name.INFO: Usuario admin se ha logeado [] []
[2025-11-21T19:27:07.014899+01:00] name.ERROR: ERROR al lanzar la consulta SELECT * FROM incidencia WHERE id_usuario =  ORDER BY titulo [] []
[2025-11-21T19:27:07.019478+01:00] name.ERROR: ERROR: SQLSTATE[42000]: Syntax error or access violation: 1064 You have an error in your SQL syntax; check the manual that corresponds to your MariaDB server version for the right syntax to use near 'ORDER BY titulo' at line 1 [] []
[2025-11-21T19:29:11.538704+01:00] name.INFO: INCIDENCIA id:1 RESUELTA. RESOLUCION: sin resolver123 [] []
[2025-11-21T19:29:39.643725+01:00] name.INFO: BBDD resetada con exito [] []
[2025-11-21T19:29:51.508999+01:00] name.INFO: Usuario deslogueado [] []
[2025-11-21T19:30:02.857020+01:00] name.INFO: Usuario admin se ha logeado [] []
